Microchip MPLAB XC8 Compiler V2.40

Linker command line:

-W-3 \
  --edf=C:\Program Files\Microchip\xc8\v2.40\pic\dat\20220703182018_en.msgs \
  -cn -h+dist/default/production\LabD2_3.1.X.production.sym \
  --cmf=dist/default/production\LabD2_3.1.X.production.cmf -z -Q16F887 \
  -oC:\Users\schwe\AppData\Local\Temp\xcAs7do.4 --defsym=__MPLAB_BUILD=1 \
  --fixupoverflow=error \
  -Mdist/default/production/LabD2_3.1.X.production.map \
  --md=C:\Users\schwe\AppData\Local\Temp\xcAs7do.dat -E1 -ver=XC8 Compiler \
  --acfsm=1493 -ACODE=00h-07FFhx4 -ASTRCODE=00h-01FFFh -ASTRING=00h-0FFhx32 \
  -ACONST=00h-0FFhx32 -AENTRY=00h-0FFhx32 -ACOMMON=070h-07Fh \
  -ABANK0=020h-06Fh -ABANK1=0A0h-0EFh -ABANK2=0110h-016Fh \
  -ABANK3=0190h-01EFh -ARAM=020h-06Fh,0A0h-0EFh,0110h-016Fh,0190h-01EFh \
  -AABS1=020h-07Fh,0A0h-0EFh,0110h-016Fh,0190h-01EFh -ASFR0=00h-01Fh \
  -ASFR1=080h-09Fh -ASFR2=0100h-010Fh -ASFR3=0180h-018Fh \
  -ACONFIG=02007h-02008h -DCONFIG=2 -AIDLOC=02000h-02003h -DIDLOC=2 \
  -AEEDATA=00h-0FFh/02100h -peeprom_data=EEDATA -DEEDATA=2 -DCODE=2 \
  -DSTRCODE=2 -DSTRING=2 -DCONST=2 -DENTRY=2 \
  -preset_vec=00h,intentry,init,end_init -ppowerup=CODE -pcinit=CODE \
  -pfunctab=ENTRY -k C:\Users\schwe\AppData\Local\Temp\xcAs7do.o \
  dist/default/production\LabD2_3.1.X.production.o 

Object code version is 3.11

Machine type is 16F887



                Name                               Link     Load   Length Selector   Space Scale
C:\Users\schwe\AppData\Local\Temp\xcAs7do.o
                end_init                              0        0        3        0       0
                config                             2007     2007        2        0       4
                idloc                              2000     2000        4        0       5
dist/default/production\LabD2_3.1.X.production.o
                cinit                               7F3      7F3        D      FE6       0
                config                             2007     2007        2        0       4
                idloc                              2000     2000        4        0       5
                text15                              429      429       3E      852       0
                text14                              394      394       1A      728       0
                text13                              349      349        7      692       0
                text12                              4ED      4ED       4B      9DA       0
                text11                              3AE      3AE       20      75C       0
                text10                              368      368       16      6D0       0
                text9                               467      467       42      8CE       0
                text8                               37E      37E       16      6FC       0
                text7                               3CE      3CE       21      79C       0
                text6                               350      350        7      6A0       0
                text5                               35F      35F        9      6BE       0
                text4                               343      343        6      686       0
                text3                               4A9      4A9       44      952       0
                text2                               3EF      3EF       3A      7DE       0
                text1                               538      538       DA      A70       0
                maintext                            612      612      1E1      C24       0
                cstackBANK0                          32       32       10       20       1
                cstackCOMMON                         70       70        E       70       1
                clrtext                             357      357        8      6AE       0
                bssBANK0                             20       20       12       20       1
                strings                               3        3       2C        6       0

TOTAL           Name                               Link     Load   Length     Space
        CLASS   CODE           
                end_init                              0        0        3         0
                cinit                               7F3      7F3        D         0
                text15                              429      429       3E         0
                text14                              394      394       1A         0
                text13                              349      349        7         0
                text12                              4ED      4ED       4B         0
                text11                              3AE      3AE       20         0
                text10                              368      368       16         0
                text9                               467      467       42         0
                text8                               37E      37E       16         0
                text7                               3CE      3CE       21         0
                text6                               350      350        7         0
                text5                               35F      35F        9         0
                text4                               343      343        6         0
                text3                               4A9      4A9       44         0
                text2                               3EF      3EF       3A         0
                text1                               538      538       DA         0
                maintext                            612      612      1E1         0
                clrtext                             357      357        8         0

        CLASS   STRCODE        

        CLASS   STRING         
                strings                               3        3       2C         0

        CLASS   CONST          

        CLASS   ENTRY          

        CLASS   COMMON         
                cstackCOMMON                         70       70        E         1

        CLASS   BANK0          
                cstackBANK0                          32       32       10         1
                bssBANK0                             20       20       12         1

        CLASS   BANK1          

        CLASS   BANK2          

        CLASS   BANK3          

        CLASS   RAM            

        CLASS   ABS1           
                abs_s1                               7E       7E        2         1

        CLASS   SFR0           

        CLASS   SFR1           

        CLASS   SFR2           

        CLASS   SFR3           

        CLASS   CONFIG         
                config                             2007     2007        2         4

        CLASS   IDLOC          
                idloc                              2000     2000        4         5

        CLASS   EEDATA         

        CLASS   STACK          



SEGMENTS        Name                           Load    Length   Top    Selector   Space  Class     Delta

                reset_vec                      000000  000003  000003         0       0  CODE        2
                strings                        000003  00002C  00002F         6       0  STRING      2
                bssBANK0                       000020  000022  000042        20       1  BANK0       1
                cstackCOMMON                   000070  00000E  00007E        70       1  COMMON      1
                text4                          000343  000006  000349       686       0  CODE        2
                text13                         000349  000007  000350       692       0  CODE        2
                text6                          000350  000007  000357       6A0       0  CODE        2
                clrtext                        000357  000008  00035F       6AE       0  CODE        2
                text5                          00035F  000009  000368       6BE       0  CODE        2
                text10                         000368  000016  00037E       6D0       0  CODE        2
                text8                          00037E  000016  000394       6FC       0  CODE        2
                text14                         000394  00001A  0003AE       728       0  CODE        2
                text11                         0003AE  000020  0003CE       75C       0  CODE        2
                text7                          0003CE  000021  0003EF       79C       0  CODE        2
                text2                          0003EF  00003A  000429       7DE       0  CODE        2
                text15                         000429  00003E  000467       852       0  CODE        2
                text9                          000467  000042  0004A9       8CE       0  CODE        2
                text3                          0004A9  000044  0004ED       952       0  CODE        2
                text12                         0004ED  00004B  000538       9DA       0  CODE        2
                text1                          000538  0000DA  000612       A70       0  CODE        2
                maintext                       000612  0001E1  0007F3       C24       0  CODE        2
                cinit                          0007F3  00000D  000800       FE6       0  CODE        2


UNUSED ADDRESS RANGES

        Name                Unused          Largest block    Delta
        BANK0            0042-006F             2E           1
        BANK1            00A0-00EF             50           1
        BANK2            0110-016F             60           1
        BANK3            0190-01EF             60           1
        CODE             002F-0342            314           2
                         0800-1FFF            800
        CONST            002F-0342            100           2
                         0800-1FFF            100
        EEDATA           2100-21FF            100           2
        ENTRY            002F-0342            100           2
                         0800-1FFF            100
        RAM              0042-006F             2E           1
                         00A0-00EF             50
                         0110-016F             60
                         0190-01EF             60
        SFR0             0000-001F             20           1
        SFR1             0080-009F             20           1
        SFR2             0100-010F             10           1
        SFR3             0180-018F             10           1
        STRCODE          002F-0342            314           2
                         0800-1FFF           1800
        STRING           002F-0342            100           2
                         0800-1FFF            100

                                  Symbol Table

?___lwdiv                 cstackCOMMON 0070
?___lwmod                 cstackCOMMON 0078
?_sprintf                 cstackBANK0  0032
Lcd_Cmd@a                 cstackCOMMON 0073
Lcd_Port@a                cstackCOMMON 0070
Lcd_Set_Cursor@a          cstackCOMMON 0075
Lcd_Set_Cursor@b          cstackCOMMON 0074
Lcd_Set_Cursor@temp       cstackCOMMON 0076
Lcd_Write_Char@a          cstackCOMMON 0072
Lcd_Write_String@a        cstackCOMMON 0073
Lcd_Write_String@i        cstackCOMMON 0078
_ANSEL                    (abs)        0188
_ANSELH                   (abs)        0189
_CONT                     bssBANK0     0020
_Lcd_Clear                text13       0349
_Lcd_Cmd                  text14       0394
_Lcd_Init                 text12       04ED
_Lcd_Port                 text15       0429
_Lcd_Set_Cursor           text11       03AE
_Lcd_Write_Char           text10       0368
_Lcd_Write_String         text9        0467
_OSCCON                   (abs)        008F
_PORTA                    (abs)        0005
_PORTB                    (abs)        0006
_PORTBbits                (abs)        0006
_PORTCbits                (abs)        0007
_PORTD                    (abs)        0008
_PORTDbits                (abs)        0008
_PORTE                    (abs)        0009
_POT1                     bssBANK0     0024
_POT2                     bssBANK0     0022
_SSPBUF                   (abs)        0013
_SSPCON                   (abs)        0014
_SSPSTAT                  (abs)        0094
_SSPSTATbits              (abs)        0094
_TRISA                    (abs)        0085
_TRISB                    (abs)        0086
_TRISC3                   (abs)        043B
_TRISC5                   (abs)        043D
_TRISCbits                (abs)        0087
_TRISD                    (abs)        0088
__Habs1                   abs1         0000
__Hbank0                  bank0        0000
__Hbank1                  bank1        0000
__Hbank2                  bank2        0000
__Hbank3                  bank3        0000
__HbssBANK0               bssBANK0     0000
__Hcinit                  cinit        0800
__Hclrtext                clrtext      0000
__Hcode                   code         0000
__Hcommon                 common       0000
__Hconfig                 config       2009
__HcstackBANK0            cstackBANK0  0000
__HcstackCOMMON           cstackCOMMON 0000
__Heeprom_data            eeprom_data  0000
__Hend_init               end_init     0003
__Hfunctab                functab      0000
__Hidloc                  idloc        2004
__Hinit                   init         0000
__Hintentry               intentry     0000
__Hmaintext               maintext     0000
__Hpowerup                powerup      0000
__Hram                    ram          0000
__Hreset_vec              reset_vec    0000
__Hsfr0                   sfr0         0000
__Hsfr1                   sfr1         0000
__Hsfr2                   sfr2         0000
__Hsfr3                   sfr3         0000
__Hspace_0                (abs)        0800
__Hspace_1                (abs)        007E
__Hspace_2                (abs)        0000
__Hspace_3                (abs)        0000
__Hspace_4                (abs)        4010
__Hstack                  stack        0000
__Hstrings                strings      0000
__Htext                   text         0000
__Labs1                   abs1         0000
__Lbank0                  bank0        0000
__Lbank1                  bank1        0000
__Lbank2                  bank2        0000
__Lbank3                  bank3        0000
__LbssBANK0               bssBANK0     0000
__Lcinit                  cinit        07F3
__Lclrtext                clrtext      0000
__Lcode                   code         0000
__Lcommon                 common       0000
__Lconfig                 config       0000
__LcstackBANK0            cstackBANK0  0000
__LcstackCOMMON           cstackCOMMON 0000
__Leeprom_data            eeprom_data  0000
__Lend_init               end_init     0000
__Lfunctab                functab      0000
__Lidloc                  idloc        0000
__Linit                   init         0000
__Lintentry               intentry     0000
__Lmaintext               maintext     0000
__Lpowerup                powerup      0000
__Lram                    ram          0000
__Lreset_vec              reset_vec    0000
__Lsfr0                   sfr0         0000
__Lsfr1                   sfr1         0000
__Lsfr2                   sfr2         0000
__Lsfr3                   sfr3         0000
__Lspace_0                (abs)        0000
__Lspace_1                (abs)        0000
__Lspace_2                (abs)        0000
__Lspace_3                (abs)        0000
__Lspace_4                (abs)        0000
__Lstack                  stack        0000
__Lstrings                strings      0000
__Ltext                   text         0000
__S0                      (abs)        0800
__S1                      (abs)        007E
__S3                      (abs)        0000
___int_sp                 stack        0000
___latbits                (abs)        0002
___lwdiv                  text3        04A9
___lwdiv@counter          cstackCOMMON 0077
___lwdiv@dividend         cstackCOMMON 0072
___lwdiv@divisor          cstackCOMMON 0070
___lwdiv@quotient         cstackCOMMON 0075
___lwmod                  text2        03EF
___lwmod@counter          cstackCOMMON 007D
___lwmod@dividend         cstackCOMMON 007A
___lwmod@divisor          cstackCOMMON 0078
___sp                     stack        0000
___stackhi                (abs)        0000
___stacklo                (abs)        0000
__end_of_Lcd_Clear        text13       0350
__end_of_Lcd_Cmd          text14       03AE
__end_of_Lcd_Init         text12       0538
__end_of_Lcd_Port         text15       0467
__end_of_Lcd_Set_Cursor   text11       03CE
__end_of_Lcd_Write_Char   text10       037E
__end_of_Lcd_Write_String text9        04A9
__end_of___lwdiv          text3        04ED
__end_of___lwmod          text2        0429
__end_of__initialization  cinit        07FC
__end_of__stringtab       strings      0013
__end_of_dpowers          strings      001D
__end_of_main             maintext     07F3
__end_of_setup            text7        03EF
__end_of_spiInit          text8        0394
__end_of_spiRead          text5        0368
__end_of_spiReceiveWait   text6        0357
__end_of_spiWrite         text4        0349
__end_of_sprintf          text1        0612
__initialization          cinit        07F3
__pbssBANK0               bssBANK0     0020
__pcstackBANK0            cstackBANK0  0032
__pcstackCOMMON           cstackCOMMON 0070
__pmaintext               maintext     0612
__pstrings                strings      0003
__ptext1                  text1        0538
__ptext10                 text10       0368
__ptext11                 text11       03AE
__ptext12                 text12       04ED
__ptext13                 text13       0349
__ptext14                 text14       0394
__ptext15                 text15       0429
__ptext2                  text2        03EF
__ptext3                  text3        04A9
__ptext4                  text4        0343
__ptext5                  text5        035F
__ptext6                  text6        0350
__ptext7                  text7        03CE
__ptext8                  text8        037E
__ptext9                  text9        0467
__stringbase              strings      0012
__stringtab               strings      0003
_cCONT                    bssBANK0     0026
_cPOT1                    bssBANK0     002E
_cPOT2                    bssBANK0     002A
_dpowers                  strings      0013
_main                     maintext     0612
_setup                    text7        03CE
_spiInit                  text8        037E
_spiRead                  text5        035F
_spiReceiveWait           text6        0350
_spiWrite                 text4        0343
_sprintf                  text1        0538
btemp                     (abs)        007E
clear_ram0                clrtext      0357
end_of_initialization     cinit        07FC
intlevel0                 functab      0000
intlevel1                 functab      0000
intlevel2                 functab      0000
intlevel3                 functab      0000
intlevel4                 functab      0000
intlevel5                 functab      0000
reset_vec                 reset_vec    0000
spiInit@sClockIdle        cstackCOMMON 0071
spiInit@sDataSample       cstackCOMMON 0070
spiInit@sTransmitEdge     cstackCOMMON 0072
spiInit@sType             cstackCOMMON 0073
spiWrite@dat              cstackCOMMON 0070
sprintf@ap                cstackBANK0  0038
sprintf@c                 cstackBANK0  003E
sprintf@f                 cstackBANK0  0032
sprintf@flag              cstackBANK0  0039
sprintf@prec              cstackBANK0  003A
sprintf@sp                cstackBANK0  003D
sprintf@val               cstackBANK0  003B
start                     init         0000
start_initialization      cinit        07F3
wtemp0                    (abs)        007E


MODULE INFORMATION

Module		Function		Class		Link	Load	Size
Principal.c
		_main          		CODE           	0612	0000	481
		_setup         		CODE           	03CE	0000	33

Principal.c estimated size: 514

C:\Program Files\Microchip\xc8\v2.40\pic\sources\c90\common\doprnt.c
		_sprintf       		CODE           	0538	0000	218

C:\Program Files\Microchip\xc8\v2.40\pic\sources\c90\common\doprnt.c estimated size: 218

C:\Program Files\Microchip\xc8\v2.40\pic\sources\c90\common\lwmod.c
		___lwmod       		CODE           	03EF	0000	58

C:\Program Files\Microchip\xc8\v2.40\pic\sources\c90\common\lwmod.c estimated size: 58

shared
		__stringtab    		STRING         	0003	0000	16
		_dpowers       		STRING         	0013	0000	10
		__initialization		CODE           	07F3	0000	9

shared estimated size: 35

SPI.c
		_spiWrite      		CODE           	0343	0000	6
		_spiInit       		CODE           	037E	0000	22
		_spiReceiveWait		CODE           	0350	0000	7
		_spiRead       		CODE           	035F	0000	9

SPI.c estimated size: 44

C:\Program Files\Microchip\xc8\v2.40\pic\sources\c90\common\lwdiv.c
		___lwdiv       		CODE           	04A9	0000	68

C:\Program Files\Microchip\xc8\v2.40\pic\sources\c90\common\lwdiv.c estimated size: 68

LCD.c
		_Lcd_Write_String		CODE           	0467	0000	66
		_Lcd_Init      		CODE           	04ED	0000	75
		_Lcd_Write_Char		CODE           	0368	0000	22
		_Lcd_Cmd       		CODE           	0394	0000	26
		_Lcd_Set_Cursor		CODE           	03AE	0000	32
		_Lcd_Clear     		CODE           	0349	0000	7
		_Lcd_Port      		CODE           	0429	0000	62

LCD.c estimated size: 290

